[w19r0y-10.myshopify.com/collections/frontpage.html]
[w19r0y-10.myshopify.com/cdn/shop/t/4/assets/favicon0062.png]
[cdn.jsdelivr.net/npm/jsbarcode@3.11.0/dist/JsBarcode.all.min.js]
[cdn.jsdelivr.net/gh/davidshimjs/qrcodejs@gh-pages/qrcode.min.js]
[code.jquery.com/jquery-3.6.4.min.js]
[cdnjs.cloudflare.com/ajax/libs/font-awesome/5.15.1/css/all.min.css]
[backblue.gif]
[fade.gif]
[index.html]
[code.jquery.com/jquery-3.6.0.min.js]
[cdn.jsdelivr.net/npm/slick-carousel@1.8.1/slick/slick.css]
[w19r0y-10.myshopify.com/collections/POST]
[w19r0y-10.myshopify.com/cdn/s/trekkie.storefront.63fa514cc5b1f7c3e0ff0cd45925a6686a523fe8.min.js]
[w19r0y-10.myshopify.com/cdn/shopifycloud/shopify/assets/shop_events_listener-c9e3a859075b9eb487792876d7f4681034d6b6d4ec78965799685249c0681468.js]
[w19r0y-10.myshopify.com/cdn/shopifycloud/perf-kit/shopify-perf-kit-1.3.0.min.js]
[cdn.jsdelivr.net/npm/slick-carousel@1.8.1/slick/slick.min.js]
[w19r0y-10.myshopify.com/collections/frontpage.atom]
[w19r0y-10.myshopify.com/collections/frontpage.oembed]
[w19r0y-10.myshopify.com/checkouts/internal/preloads4c33.js]
[cdn.shopify.com/shopifycloud/storefront-forms-hcaptcha/ce_storefront_forms_captcha_hcaptcha.v1.5.2.iife.js]
[w19r0y-10.myshopify.com/cdn/shopifycloud/shopify/assets/storefront/load_feature-1060834584ef204397b1179782a1b090047ee4397cb627244ab89e03f65c4307.js]
[w19r0y-10.myshopify.com/cdn/shopifycloud/portable-wallets/latest/portable-wallets.pt-br.js]
[w19r0y-10.myshopify.com/cdn/shopifycloud/portable-wallets/latest/accelerated-checkout-backwards-compat.css]
[w19r0y-10.myshopify.com/cdn/shop/t/4/assets/searchf56b.css]
[http2.mlstatic.com/frontend-assets/ml-web-navigation/ui-navigation/6.6.34/mercadolibre/logo-pt__large_25years.png]
[w19r0y-10.myshopify.com/collections/index.html]
[w19r0y-10.myshopify.com/cdn/shop/files/D_NQ_NP_2X_608050-MLU77315438809_large4506.png]
[w19r0y-10.myshopify.com/cdn/shop/files/D_NQ_NP_2X_703840-MLU77366119627_large25d2.png]
[w19r0y-10.myshopify.com/cdn/shop/files/D_NQ_NP_2X_883703-MLU77309660485_large7515.png]
[w19r0y-10.myshopify.com/cdn/shop/files/D_NQ_NP_2X_789571-MLU78154118599_large47fd.png]
[w19r0y-10.myshopify.com/cdn/shop/files/D_NQ_NP_2X_755750-MLA79512572419_largeacdf.png]
[w19r0y-10.myshopify.com/cdn/shop/files/D_NQ_NP_2X_901662-MLA74651636810_largef9e3.png]
[w19r0y-10.myshopify.com/cdn/shop/files/D_NQ_NP_2X_847215-MLU72998814050_large00f1.png]
[w19r0y-10.myshopify.com/cdn/shop/files/D_NQ_NP_2X_927128-MLU78108592086_53cd7d0a-0ed5-43c2-8a8c-63b278cdbd2b_large2059.png]
[w19r0y-10.myshopify.com/cdn/shop/files/D_NQ_NP_2X_873747-MLU76453519258_largec4c5.png]
[w19r0y-10.myshopify.com/cdn/shop/files/D_NQ_NP_2X_925482-MLA81822892666_largec4c1.png]
[w19r0y-10.myshopify.com/cdn/shop/files/D_NQ_NP_2X_686044-MLU77382397309_e421be24-2792-45d2-a5fe-3abdbd5ee8f3_large69c9.png]
[w19r0y-10.myshopify.com/cdn/shop/files/D_NQ_NP_2X_910923-MLU73207237647_largead83.png]
[http2.mlstatic.com/frontend-assets/ml-web-navigation/ui-navigation/6.6.34/mercadolibre/logo-pt__small_25years.png]
[w19r0y-10.myshopify.com/cdn/shop/files/D_NQ_NP_2X_608050-MLU77315438809_medium4506.png]
[w19r0y-10.myshopify.com/cdn/shop/files/D_NQ_NP_2X_703840-MLU77366119627_medium25d2.png]
[w19r0y-10.myshopify.com/cdn/shop/files/D_NQ_NP_2X_883703-MLU77309660485_medium7515.png]
[w19r0y-10.myshopify.com/cdn/shop/files/D_NQ_NP_2X_789571-MLU78154118599_medium47fd.png]
[w19r0y-10.myshopify.com/cdn/shop/files/D_NQ_NP_2X_755750-MLA79512572419_mediumacdf.png]
[w19r0y-10.myshopify.com/cdn/shop/files/D_NQ_NP_2X_901662-MLA74651636810_mediumf9e3.png]
[w19r0y-10.myshopify.com/cdn/shop/files/D_NQ_NP_2X_847215-MLU72998814050_medium00f1.png]
[w19r0y-10.myshopify.com/cdn/shop/files/D_NQ_NP_2X_927128-MLU78108592086_53cd7d0a-0ed5-43c2-8a8c-63b278cdbd2b_medium2059.png]
[w19r0y-10.myshopify.com/cdn/shop/files/D_NQ_NP_2X_873747-MLU76453519258_mediumc4c5.png]
[w19r0y-10.myshopify.com/cdn/shop/files/D_NQ_NP_2X_925482-MLA81822892666_mediumc4c1.png]
[w19r0y-10.myshopify.com/cdn/shop/files/D_NQ_NP_2X_686044-MLU77382397309_e421be24-2792-45d2-a5fe-3abdbd5ee8f3_medium69c9.png]
[w19r0y-10.myshopify.com/cdn/shop/files/D_NQ_NP_2X_910923-MLU73207237647_mediumad83.png]
[http2.mlstatic.com/frontend-assets/ml-web-navigation/ui-navigation/6.6.34/mercadolibre/logo-anniversary-banner.png]
[w19r0y-10.myshopify.com/collections/frontpage.html]
[cdnjs.cloudflare.com/ajax/libs/font-awesome/5.15.1/css/all.min.css]
[cdn.jsdelivr.net/npm/slick-carousel@1.8.1/slick/slick.css]
[w19r0y-10.myshopify.com/collections/POST.html]
[w19r0y-10.myshopify.com/cdn/shopifycloud/portable-wallets/latest/accelerated-checkout-backwards-compat.css]
[http2.mlstatic.com/frontend-assets/ml-web-navigation/ui-navigation/6.6.34/mercadolibre/logo_large_25years.png]
[http2.mlstatic.com/frontend-assets/ml-web-navigation/ui-navigation/6.6.34/mercadolibre/accessibility.png]
[w19r0y-10.myshopify.com/cdn/shop/t/4/assets/_@andes/button/index]
[w19r0y-10.myshopify.com/cdn/shop/t/4/assets/_@andes/modal/index]
[w19r0y-10.myshopify.com/cdn/shop/t/4/assets/_@andes/modal/base]
[w19r0y-10.myshopify.com/cdn/shop/t/4/assets/_@andes/breadcrumb/index]
[w19r0y-10.myshopify.com/cdn/shop/t/4/assets/_@andes/dropdown/base]
[w19r0y-10.myshopify.com/cdn/shop/t/4/assets/_@andes/dropdown/index]
[w19r0y-10.myshopify.com/cdn/shop/t/4/assets/_@andes/list/index]
[w19r0y-10.myshopify.com/cdn/shop/t/4/assets/_@andes/dropdown/lib/styles/standalone/size/small]
[http2.mlstatic.com/frontend-assets/ml-web-navigation/ui-navigation/6.6.37/mercadolibre/logo__small_25years.png]
[http2.mlstatic.com/frontend-assets/ml-web-navigation/ui-navigation/6.6.37/mercadolibre/logo-pt__small_25years.png]
[http2.mlstatic.com/frontend-assets/ml-web-navigation/ui-navigation/6.6.37/mercadolibre/49x64-download-icon.png]
[http2.mlstatic.com/frontend-assets/ml-web-navigation/ui-navigation/6.6.37/mercadolibre/97x127-download-icon@2x.png]
[http2.mlstatic.com/frontend-assets/ml-web-navigation/ui-navigation/6.6.37/mercadolibre/logo-anniversary-banner.png]
[http2.mlstatic.com/frontend-assets/ml-web-navigation/ui-navigation/6.6.37/mercadolibre/accessibility.png]
[w19r0y-10.myshopify.com/cdn/shop/t/4/assets/_@andes/pagination/index]
[w19r0y-10.myshopify.com/cdn/shop/t/4/assets/_@andes/tag/index]
[w19r0y-10.myshopify.com/cdn/shop/t/4/assets/_@andes/snackbar/index]
[w19r0y-10.myshopify.com/cdn/shop/t/4/assets/_@andes/bottom-sheet/index]
[w19r0y-10.myshopify.com/cdn/shop/t/4/assets/_@andes/radio-button/index]
[w19r0y-10.myshopify.com/cdn/shop/t/4/assets/_@andes/search-box/index]
[w19r0y-10.myshopify.com/cdn/shop/t/4/assets/_@andes/money-amount/index]
[w19r0y-10.myshopify.com/cdn/shop/t/4/assets/_@andes/tooltip/index]
[w19r0y-10.myshopify.com/cdn/shop/t/4/assets/_@andes/badge/index]
[w19r0y-10.myshopify.com/cdn/shop/t/4/assets/_@andes/badge/lib/styles/modifier/notification]
[w19r0y-10.myshopify.com/cdn/shop/t/4/assets/_ui-library_ml/src/components/carousel-draggable/styles/draggable]
[w19r0y-10.myshopify.com/cdn/shop/t/4/assets/_ui-library_ml/src/components/carousel/styles/paged]
[w19r0y-10.myshopify.com/cdn/shop/t/4/assets/@ui-components-web/ml-compats/src/styles/mobile]
[w19r0y-10.myshopify.com/cdn/shop/t/4/assets/_cpg-nordic/src/styles/cpg.mobile]
[w19r0y-10.myshopify.com/cdn/shop/t/4/assets/_@andes/progress-indicator-circular/index]
[w19r0y-10.myshopify.com/cdn/shop/t/4/assets/_@andes/progress-indicator-linear/index]
[w19r0y-10.myshopify.com/cdn/shop/t/4/assets/_@andes/message/index]
[w19r0y-10.myshopify.com/cdn/shop/t/4/assets/_@andes/message/lib/styles/neutral]
[w19r0y-10.myshopify.com/cdn/shop/t/4/assets/_@andes/coach-marks/index]
[w19r0y-10.myshopify.com/cdn/shop/t/4/assets/_@andes/form/index]
[w19r0y-10.myshopify.com/cdn/shop/t/4/assets/_@andes/textfield/index]
[w19r0y-10.myshopify.com/cdn/shop/t/4/assets/_@andes/carousel-snapped/index]
[w19r0y-10.myshopify.com/cdn/shop/t/4/assets/_@andes/switch/index]
[w19r0y-10.myshopify.com/cdn/shop/t/4/assets/_@andes/input-stepper/base]
[w19r0y-10.myshopify.com/cdn/shop/t/4/assets/_@andes/input-stepper/lib/styles/size/small]
[w19r0y-10.myshopify.com/cdn/shop/t/4/assets/_@andes/common/lib/styles/visually-hidden]
[w19r0y-10.myshopify.com/cdn/shop/t/4/assets/_@andes/progress-indicator-linear/base]
[w19r0y-10.myshopify.com/cdn/shop/t/4/assets/_@andes/technical-error/index]
[w19r0y-10.myshopify.com/cdn/shop/t/4/assets/_@andes/carousel-free/index]
[w19r0y-10.myshopify.com/cdn/shop/t/4/assets/_@andes/thumbnail/index]
[w19r0y-10.myshopify.com/cdn/shop/t/4/assets/_@seo-frontend-components/card-blog-carousel-mobile/index]
[w19r0y-10.myshopify.com/cdn/shop/t/4/assets/_@seo-frontend-components/card-blog-entry/index]
[w19r0y-10.myshopify.com/cdn/shop/t/4/assets/searchf56b.css]
[w19r0y-10.myshopify.com/collections/index.html]
[w19r0y-10.myshopify.com/cdn/shop/t/4/assets/_@andes/button/index.html]
[w19r0y-10.myshopify.com/cdn/shop/t/4/assets/_@andes/modal/index.html]
[w19r0y-10.myshopify.com/cdn/shop/t/4/assets/_@andes/modal/base.html]
[w19r0y-10.myshopify.com/cdn/shop/t/4/assets/_@andes/breadcrumb/index.html]
[w19r0y-10.myshopify.com/cdn/shop/t/4/assets/_@andes/dropdown/base.html]
[w19r0y-10.myshopify.com/cdn/shop/t/4/assets/_@andes/dropdown/index.html]
[w19r0y-10.myshopify.com/cdn/shop/t/4/assets/_@andes/list/index.html]
[w19r0y-10.myshopify.com/cdn/shop/t/4/assets/_@andes/dropdown/lib/styles/standalone/size/small.html]
[w19r0y-10.myshopify.com/cdn/shop/t/4/assets/_@andes/pagination/index.html]
[w19r0y-10.myshopify.com/cdn/shop/t/4/assets/_@andes/tag/index.html]
[w19r0y-10.myshopify.com/cdn/shop/t/4/assets/_@andes/snackbar/index.html]
[w19r0y-10.myshopify.com/cdn/shop/t/4/assets/_@andes/bottom-sheet/index.html]
[w19r0y-10.myshopify.com/cdn/shop/t/4/assets/_@andes/radio-button/index.html]
[w19r0y-10.myshopify.com/cdn/shop/t/4/assets/_@andes/search-box/index.html]
[w19r0y-10.myshopify.com/cdn/shop/t/4/assets/_@andes/money-amount/index.html]
[w19r0y-10.myshopify.com/cdn/shop/t/4/assets/_@andes/tooltip/index.html]
[w19r0y-10.myshopify.com/cdn/shop/t/4/assets/_@andes/badge/index.html]
[w19r0y-10.myshopify.com/cdn/shop/t/4/assets/_@andes/badge/lib/styles/modifier/notification.html]
[w19r0y-10.myshopify.com/cdn/shop/t/4/assets/_ui-library_ml/src/components/carousel-draggable/styles/draggable.html]
[w19r0y-10.myshopify.com/cdn/shop/t/4/assets/_ui-library_ml/src/components/carousel/styles/paged.html]
[w19r0y-10.myshopify.com/cdn/shop/t/4/assets/@ui-components-web/ml-compats/src/styles/mobile.html]
[w19r0y-10.myshopify.com/cdn/shop/t/4/assets/_cpg-nordic/src/styles/cpg.html]
[w19r0y-10.myshopify.com/cdn/shop/t/4/assets/_@andes/progress-indicator-circular/index.html]
[w19r0y-10.myshopify.com/cdn/shop/t/4/assets/_@andes/progress-indicator-linear/index.html]
[w19r0y-10.myshopify.com/cdn/shop/t/4/assets/_@andes/message/index.html]
[w19r0y-10.myshopify.com/cdn/shop/t/4/assets/_@andes/message/lib/styles/neutral.html]
[w19r0y-10.myshopify.com/cdn/shop/t/4/assets/_@andes/coach-marks/index.html]
[w19r0y-10.myshopify.com/cdn/shop/t/4/assets/_@andes/form/index.html]
[w19r0y-10.myshopify.com/cdn/shop/t/4/assets/_@andes/textfield/index.html]
[w19r0y-10.myshopify.com/cdn/shop/t/4/assets/_@andes/carousel-snapped/index.html]
[w19r0y-10.myshopify.com/cdn/shop/t/4/assets/_@andes/switch/index.html]
[w19r0y-10.myshopify.com/cdn/shop/t/4/assets/_@andes/input-stepper/base.html]
[w19r0y-10.myshopify.com/cdn/shop/t/4/assets/_@andes/input-stepper/lib/styles/size/small.html]
[w19r0y-10.myshopify.com/cdn/shop/t/4/assets/_@andes/common/lib/styles/visually-hidden.html]
[w19r0y-10.myshopify.com/cdn/shop/t/4/assets/_@andes/progress-indicator-linear/base.html]
[w19r0y-10.myshopify.com/cdn/shop/t/4/assets/_@andes/technical-error/index.html]
[w19r0y-10.myshopify.com/cdn/shop/t/4/assets/_@andes/carousel-free/index.html]
[w19r0y-10.myshopify.com/cdn/shop/t/4/assets/_@andes/thumbnail/index.html]
[w19r0y-10.myshopify.com/cdn/shop/t/4/assets/_@seo-frontend-components/card-blog-carousel-mobile/index.html]
[w19r0y-10.myshopify.com/cdn/shop/t/4/assets/_@seo-frontend-components/card-blog-entry/index.html]
